
> guneyyurt-portal-client@0.0.0 build
> vite build

[36mvite v7.3.1 [32mbuilding ssr environment for production...[36m[39m
transforming...
[32mÔ£ô[39m 1 modules transformed.
node.exe : [31mÔ£ù[39m Build failed in 5
9ms
At line:1 char:1
+ & "C:\Program Files\nodejs/node.exe" "C:
\Users\ilyas bozdemir\AppData ...
+ ~~~~~~~~~~~~~~~~~~~~~~~~~~~~~~~~~~~~~~~~
~~~~~~~~~~~~~~~~~~~~~~~~~~~~~
    + CategoryInfo          : NotSpecifie 
   d: ([31mÔ£ù[39m Build failed in 59m  
  s:String) [], RemoteException
    + FullyQualifiedErrorId : NativeComma 
   ndError
 
[31merror during build:
[31m[commonjs--resolver] Missing "./serve
r" specifier in "react-router-dom" package
[31m
    at e (file:///D:/Github/R10-Works-with
-google-antigravity/guneyyurt-belediyesi-w
eb-site/GuneyyurtPortal/ClientApp/node_mod
ules/vite/dist/node/chunks/config.js:6651:
8)
    at n (file:///D:/Github/R10-Works-with
-google-antigravity/guneyyurt-belediyesi-w
eb-site/GuneyyurtPortal/ClientApp/node_mod
ules/vite/dist/node/chunks/config.js:6663:
14)
    at o (file:///D:/Github/R10-Works-with
-google-antigravity/guneyyurt-belediyesi-w
eb-site/GuneyyurtPortal/ClientApp/node_mod
ules/vite/dist/node/chunks/config.js:6691:
10)
    at resolveExportsOrImports (file:///D:
/Github/R10-Works-with-google-antigravity/
guneyyurt-belediyesi-web-site/GuneyyurtPor
tal/ClientApp/node_modules/vite/dist/node/
chunks/config.js:32827:45)
    at resolveDeepImport (file:///D:/Githu
b/R10-Works-with-google-antigravity/guneyy
urt-belediyesi-web-site/GuneyyurtPortal/Cl
ientApp/node_modules/vite/dist/node/chunks
/config.js:32841:22)
    at tryNodeResolve (file:///D:/Github/R
10-Works-with-google-antigravity/guneyyurt
-belediyesi-web-site/GuneyyurtPortal/Clien
tApp/node_modules/vite/dist/node/chunks/co
nfig.js:32716:70)
    at Object.handler (file:///D:/Github/R
10-Works-with-google-antigravity/guneyyurt
-belediyesi-web-site/GuneyyurtPortal/Clien
tApp/node_modules/vite/dist/node/chunks/co
nfig.js:32555:16)
    at Object.handler (file:///D:/Github/R
10-Works-with-google-antigravity/guneyyurt
-belediyesi-web-site/GuneyyurtPortal/Clien
tApp/node_modules/vite/dist/node/chunks/co
nfig.js:33706:13)
    at file:///D:/Github/R10-Works-with-go
ogle-antigravity/guneyyurt-belediyesi-web-
site/GuneyyurtPortal/ClientApp/node_module
s/rollup/dist/es/shared/node-entry.js:2257
1:40
    at async PluginDriver.hookFirstAndGetP
lugin (file:///D:/Github/R10-Works-with-go
ogle-antigravity/guneyyurt-belediyesi-web-
site/GuneyyurtPortal/ClientApp/node_module
s/rollup/dist/es/shared/node-entry.js:2245
3:28)[39m
